<html>
<body>
<pre>
<h1>µVision Build Log</h1>
<h2>Tool Versions:</h2>
IDE-Version: ¦ÌVision V5.38.0.0
Copyright (C) 2022 ARM Ltd and ARM Germany GmbH. All rights reserved.
License Information: 1 8613124764308, 1, LIC=SDA0P-M68YT-FWB2N-YMJBB-QM63G-LP97A
 
Tool Versions:
Toolchain:       MDK-ARM Plus  Version: 5.33.0.0
Toolchain Path:  C:\Keil_v5\ARM\ARMCC\Bin
C Compiler:      Armcc.exe V5.06 update 7 (build 960)
Assembler:       Armasm.exe V5.06 update 7 (build 960)
Linker/Locator:  ArmLink.exe V5.06 update 7 (build 960)
Library Manager: ArmAr.exe V5.06 update 7 (build 960)
Hex Converter:   FromElf.exe V5.06 update 7 (build 960)
CPU DLL:         SARMCM3.DLL V5.33.0.0
Dialog DLL:      DCM.DLL V1.17.3.0
Target DLL:      STLink\ST-LINKIII-KEIL_SWO.dll V3.0.8.0
Dialog DLL:      TCM.DLL V1.48.0.0
 
<h2>Project:</h2>
D:\32project\407\ADS1299\USER\DSP_FFT.uvprojx
Project File Date:  06/28/2024

<h2>Output:</h2>
*** Using Compiler 'V5.06 update 7 (build 960)', folder: 'C:\Keil_v5\ARM\ARMCC\Bin'
Build target 'DSP_FFT'
compiling main.c...
main.c(20): warning:  #177-D: variable "key"  was declared but never referenced
  	uint8_t key,key_val,mode;
main.c(20): warning:  #177-D: variable "key_val"  was declared but never referenced
  	uint8_t key,key_val,mode;
main.c(20): warning:  #177-D: variable "mode"  was declared but never referenced
  	uint8_t key,key_val,mode;
main.c(21): warning:  #177-D: variable "t"  was declared but never referenced
  	uint16_t t;
main.c: 4 warnings, 0 errors
linking...
Program Size: Code=12792 RO-data=440 RW-data=56 ZI-data=1352  
FromELF: creating hex file...
"..\OBJ\DSP_FFT.axf" - 0 Error(s), 4 Warning(s).

<h2>Software Packages used:</h2>

Package Vendor: Keil
                https://www.keil.com/pack/Keil.STM32F4xx_DFP.2.17.1.pack
                Keil.STM32F4xx_DFP.2.17.1
                STMicroelectronics STM32F4 Series Device Support, Drivers and Examples

<h2>Collection of Component include folders:</h2>
  C:/Users/86131/AppData/Local/Arm/Packs/Keil/STM32F4xx_DFP/2.17.1/Drivers/CMSIS/Device/ST/STM32F4xx/Include

<h2>Collection of Component Files used:</h2>
Build Time Elapsed:  00:00:01
</pre>
</body>
</html>
